genome_id,BioProject,assembly,assembly_level,assembly_type,biosample,date,genbank,genome_representation,genus,organism,refseq,refseq_category,refseq_genbank_identity,release_type,species,strain,submitter,tax_id
GCA_000056065.1,PRJNA16871,ASM5606v1,Complete Genome,na,SAMEA3138258,2006-05-26,GCA_000056065.1,full,Lactobacillus,Lactobacillus delbrueckii subsp. bulgaricus ATCC 11842 = JCM 1002 (firmicutes),GCF_000056065.1,,yes,major,delbrueckii,ATCC 11842,Genoscope,390333
GCA_000182835.1,PRJNA49147,ASM18283v1,Complete Genome,na,SAMN02603937,2010-11-19,GCA_000182835.1,full,Lactobacillus,Lactobacillus delbrueckii subsp. bulgaricus ND02 (firmicutes),GCF_000182835.1,,yes,major,delbrueckii,ND02,"The Key Laboratory of Dairy Biotechnology and Bioengineering, Education Ministry of P. R. China, Department of Food Science and Engineering, Inner Mongolia Agricultural University, China",767455
GCA_000191165.1,PRJNA16120,ASM19116v1,Complete Genome,na,SAMN02603124,2011-03-03,GCA_000191165.1,full,Lactobacillus,Lactobacillus delbrueckii subsp. bulgaricus 2038 (firmicutes),GCF_000191165.1,,yes,major,delbrueckii,2038,Chinese National HGC,353496
GCA_000014405.1,PRJNA403,ASM1440v1,Complete Genome,na,SAMN02598530,2006-10-13,GCA_000014405.1,full,Lactobacillus,Lactobacillus delbrueckii subsp. bulgaricus ATCC BAA-365 (firmicutes),GCF_000014405.1,,yes,major,delbrueckii,ATCC BAA-365,"US DOE Joint Genome Institute (JGI), The Lactic Acid Bacteria Genome Consortium and Fidelity Systems Inc.",321956
