{
  "genome_id": "GCF_024734405.1",
  "gtdb_url": "https://api.gtdb.ecogenomic.org/genome/GCF_024734405.1/taxon-history",
  "gtdb_release": "R207",
  "gtdb_taxonomy": {
    "domain": "d__",
    "phylum": "p__",
    "class": "c__",
    "order": "o__",
    "family": "f__",
    "genus": "g__",
    "species": "s__"
  },
  "metadata_url": "https://api.gtdb.ecogenomic.org/genome/GCF_024734405.1/card",
  "metadata": {
    "genome": {
      "accession": "GCA_024734405.1",
      "name": "GCF_024734405.1"
    },
    "metadata_nucleotide": {
      "trna_aa_count": 19,
      "contig_count": 1,
      "n50_contigs": 6344421,
      "longest_contig": 6344421,
      "scaffold_count": 1,
      "n50_scaffolds": 6344421,
      "longest_scaffold": 6344421,
      "genome_size": 6344421,
      "gc_percentage": 72.66721423436434,
      "ambiguous_bases": 0
    },
    "metadata_gene": {
      "checkm_completeness": "99.82",
      "checkm_contamination": "1.54",
      "checkm_strain_heterogeneity": "0.0",
      "lsu_5s_count": "4",
      "ssu_count": "4",
      "lsu_23s_count": "4",
      "protein_count": "5540",
      "coding_density": "87.52644252328147"
    },
    "metadata_ncbi": {
      "ncbi_genbank_assembly_accession": "GCA_024734405.1",
      "ncbi_strain_identifiers": "BM8-3",
      "ncbi_assembly_level": "Complete Genome",
      "ncbi_assembly_name": "ASM2473440v1",
      "ncbi_assembly_type": "na",
      "ncbi_bioproject": "PRJNA224116",
      "ncbi_biosample": "SAMN15615649",
      "ncbi_country": null,
      "ncbi_date": "2022-08-23",
      "ncbi_genome_category": null,
      "ncbi_genome_representation": "full",
      "ncbi_isolate": null,
      "ncbi_isolation_source": null,
      "ncbi_lat_lon": null,
      "ncbi_molecule_count": "1",
      "ncbi_cds_count": null,
      "ncbi_refseq_category": "na",
      "ncbi_seq_rel_date": "2022/08/23",
      "ncbi_spanned_gaps": "0",
      "ncbi_species_taxid": "33914",
      "ncbi_ssu_count": null,
      "ncbi_submitter": "Ocean University of China",
      "ncbi_taxid": "33914",
      "ncbi_total_gap_length": "0",
      "ncbi_translation_table": null,
      "ncbi_trna_count": null,
      "ncbi_unspanned_gaps": "0",
      "ncbi_version_status": "latest",
      "ncbi_wgs_master": null
    },
    "metadata_type_material": {
      "gtdbTypeDesignation": "not type material",
      "gtdbTypeDesignationSources": null,
      "lpsnTypeDesignation": "not type material",
      "dsmzTypeDesignation": null,
      "lpsnPriorityYear": null,
      "gtdbTypeSpeciesOfGenus": false
    },
    "metadataTaxonomy": {
      "ncbi_taxonomy": "d__Bacteria;p__Actinobacteria;c__Actinomycetia;o__Pseudonocardiales;f__Pseudonocardiaceae;g__Saccharopolyspora;s__Saccharopolyspora gregorii",
      "ncbi_taxonomy_unfiltered": "d__Bacteria;x__Terrabacteria group;p__Actinobacteria;c__Actinomycetia;o__Pseudonocardiales;f__Pseudonocardiaceae;g__Saccharopolyspora;s__Saccharopolyspora gregorii",
      "gtdb_representative": true,
      "gtdb_genome_representative": "RS_GCF_024734405.1",
      "ncbi_type_material_designation": null,
      "gtdbDomain": "d__Bacteria",
      "gtdbPhylum": "p__Actinomycetota",
      "gtdbClass": "c__Actinomycetia",
      "gtdbOrder": "o__Mycobacteriales",
      "gtdbFamily": "f__Pseudonocardiaceae",
      "gtdbGenus": "g__Saccharopolyspora_C",
      "gtdbSpecies": "s__Saccharopolyspora_C gregorii"
    },
    "gtdbTypeDesignation": "not type material",
    "subunit_summary": "5S/16S/23S",
    "speciesRepName": "GCA_024734405.1",
    "speciesClusterCount": 5,
    "lpsnUrl": null,
    "link_ncbi_taxonomy": "<a target=\"_blank\" href=\"https://www.ncbi.nlm.nih.gov/data-hub/taxonomy/2/\">d__Bacteria</a>; <a target=\"_blank\" href=\"https://www.ncbi.nlm.nih.gov/data-hub/taxonomy/201174/\">p__Actinobacteria</a>; <a target=\"_blank\" href=\"https://www.ncbi.nlm.nih.gov/data-hub/taxonomy/1760/\">c__Actinomycetia</a>; <a target=\"_blank\" href=\"https://www.ncbi.nlm.nih.gov/data-hub/taxonomy/85010/\">o__Pseudonocardiales</a>; <a target=\"_blank\" href=\"https://www.ncbi.nlm.nih.gov/data-hub/taxonomy/2070/\">f__Pseudonocardiaceae</a>; <a target=\"_blank\" href=\"https://www.ncbi.nlm.nih.gov/data-hub/taxonomy/1835/\">g__Saccharopolyspora</a>; <a target=\"_blank\" href=\"https://www.ncbi.nlm.nih.gov/data-hub/taxonomy/33914/\">s__Saccharopolyspora gregorii</a>",
    "link_ncbi_taxonomy_unfiltered": "<a target=\"_blank\" href=\"https://www.ncbi.nlm.nih.gov/data-hub/taxonomy/2/\">d__Bacteria</a>; <a target=\"_blank\" href=\"https://www.ncbi.nlm.nih.gov/data-hub/taxonomy/1783272/\">x__Terrabacteria group</a>; <a target=\"_blank\" href=\"https://www.ncbi.nlm.nih.gov/data-hub/taxonomy/201174/\">p__Actinobacteria</a>; <a target=\"_blank\" href=\"https://www.ncbi.nlm.nih.gov/data-hub/taxonomy/1760/\">c__Actinomycetia</a>; <a target=\"_blank\" href=\"https://www.ncbi.nlm.nih.gov/data-hub/taxonomy/85010/\">o__Pseudonocardiales</a>; <a target=\"_blank\" href=\"https://www.ncbi.nlm.nih.gov/data-hub/taxonomy/2070/\">f__Pseudonocardiaceae</a>; <a target=\"_blank\" href=\"https://www.ncbi.nlm.nih.gov/data-hub/taxonomy/1835/\">g__Saccharopolyspora</a>; <a target=\"_blank\" href=\"https://www.ncbi.nlm.nih.gov/data-hub/taxonomy/33914/\">s__Saccharopolyspora gregorii</a>",
    "ncbiTaxonomyFiltered": [
      {
        "taxon": "d__Bacteria",
        "taxonId": "2"
      },
      {
        "taxon": "p__Actinobacteria",
        "taxonId": "201174"
      },
      {
        "taxon": "c__Actinomycetia",
        "taxonId": "1760"
      },
      {
        "taxon": "o__Pseudonocardiales",
        "taxonId": "85010"
      },
      {
        "taxon": "f__Pseudonocardiaceae",
        "taxonId": "2070"
      },
      {
        "taxon": "g__Saccharopolyspora",
        "taxonId": "1835"
      },
      {
        "taxon": "s__Saccharopolyspora gregorii",
        "taxonId": "33914"
      }
    ],
    "ncbiTaxonomyUnfiltered": [
      {
        "taxon": "d__Bacteria",
        "taxonId": "2"
      },
      {
        "taxon": "x__Terrabacteria group",
        "taxonId": "1783272"
      },
      {
        "taxon": "p__Actinobacteria",
        "taxonId": "201174"
      },
      {
        "taxon": "c__Actinomycetia",
        "taxonId": "1760"
      },
      {
        "taxon": "o__Pseudonocardiales",
        "taxonId": "85010"
      },
      {
        "taxon": "f__Pseudonocardiaceae",
        "taxonId": "2070"
      },
      {
        "taxon": "g__Saccharopolyspora",
        "taxonId": "1835"
      },
      {
        "taxon": "s__Saccharopolyspora gregorii",
        "taxonId": "33914"
      }
    ],
    "detail": "Genome not found - no taxonomic assignment in release R207"
  }
}