genome_id,GCA_000056065.1,GCA_000182835.1,GCA_000191165.1,GCA_000014405.1
GCA_000056065.1,0.0,97.048096,99.168213,99.156525
GCA_000182835.1,97.048096,0.0,97.048386,97.064117
GCA_000191165.1,99.168213,97.048386,0.0,99.069565
GCA_000014405.1,99.156525,97.064117,99.069565,0.0
