genome_id,GCA_000056065.1,GCA_000182835.1,GCA_000191165.1,GCA_000014405.1
GCA_000056065.1,0.0,0.0276006,0.00759618,0.00796745
GCA_000182835.1,0.0276006,0.0,0.0276006,0.0276006
GCA_000191165.1,0.00759618,0.0276006,0.0,0.00789262
GCA_000014405.1,0.00796745,0.0276006,0.00789262,0.0
