genome_id,gtdb_release,Domain,Phylum,Class,Order,Family,Genus,Species,Organism,accession,name,trna_aa_count,contig_count,n50_contigs,longest_contig,scaffold_count,n50_scaffolds,longest_scaffold,genome_size,gc_percentage,ambiguous_bases,checkm_completeness,checkm_contamination,checkm_strain_heterogeneity,lsu_5s_count,ssu_count,lsu_23s_count,protein_count,coding_density,ncbi_genbank_assembly_accession,ncbi_strain_identifiers,ncbi_assembly_level,ncbi_assembly_name,ncbi_assembly_type,ncbi_bioproject,ncbi_biosample,ncbi_country,ncbi_date,ncbi_genome_category,ncbi_genome_representation,ncbi_isolate,ncbi_isolation_source,ncbi_lat_lon,ncbi_molecule_count,ncbi_cds_count,ncbi_refseq_category,ncbi_seq_rel_date,ncbi_spanned_gaps,ncbi_species_taxid,ncbi_ssu_count,ncbi_submitter,ncbi_taxid,ncbi_total_gap_length,ncbi_translation_table,ncbi_trna_count,ncbi_unspanned_gaps,ncbi_version_status,ncbi_wgs_master,gtdbTypeDesignation,gtdbTypeDesignationSources,lpsnTypeDesignation,dsmzTypeDesignation,lpsnPriorityYear,gtdbTypeSpeciesOfGenus,ncbi_taxonomy,ncbi_taxonomy_unfiltered,gtdb_representative,gtdb_genome_representative,ncbi_type_material_designation,gtdbDomain,gtdbPhylum,gtdbClass,gtdbOrder,gtdbFamily,gtdbGenus,gtdbSpecies,gtdbTypeDesignation,subunit_summary,speciesRepName,speciesClusterCount,lpsnUrl,link_ncbi_taxonomy,link_ncbi_taxonomy_unfiltered,0,1,2,3,4,5,6,0,1,2,3,4,5,6,7,8,9
GCA_000056065.1,R207,d__Bacteria,p__Firmicutes,c__Bacilli,o__Lactobacillales,f__Lactobacillaceae,g__Lactobacillus,delbrueckii,s__Lactobacillus delbrueckii,GCA_000056065.1,GCF_000056065.1,20.0,1.0,1864998.0,1864998.0,1.0,1864998.0,1864998.0,1864998.0,49.71903455124348,0.0,98.38,0.0,0.0,9,9,9,1916,84.01837428243891,GCA_000056065.1,ATCC 11842,Complete Genome,ASM5606v1,na,PRJNA224116,SAMEA3138258,,2006-05-26,,full,,,,1,1820,na,2006/05/26,0,1584,9,Genoscope,390333,0,11,95,0,latest,,type strain of subspecies,LPSN,type strain of subspecies,type strain of subspecies,1919,False,d__Bacteria;p__Firmicutes;c__Bacilli;o__Lactobacillales;f__Lactobacillaceae;g__Lactobacillus;s__Lactobacillus delbrueckii,d__Bacteria;x__Terrabacteria group;p__Firmicutes;c__Bacilli;o__Lactobacillales;f__Lactobacillaceae;g__Lactobacillus;s__Lactobacillus delbrueckii;sb__Lactobacillus delbrueckii subsp. bulgaricus;x__Lactobacillus delbrueckii subsp. bulgaricus ATCC 11842 = JCM 1002,False,RS_GCF_001433875.1,assembly from type material,d__Bacteria,p__Firmicutes,c__Bacilli,o__Lactobacillales,f__Lactobacillaceae,g__Lactobacillus,s__Lactobacillus delbrueckii,type strain of subspecies,5S/16S/23S,GCA_001433875.1,103,https://lpsn.dsmz.de/species/lactobacillus-delbrueckii,"<a target=""_blank"" href=""https://www.ncbi.nlm.nih.gov/Taxonomy/Browser/wwwtax.cgi?id=2"">d__Bacteria</a>; <a target=""_blank"" href=""https://www.ncbi.nlm.nih.gov/Taxonomy/Browser/wwwtax.cgi?id=1239"">p__Firmicutes</a>; <a target=""_blank"" href=""https://www.ncbi.nlm.nih.gov/Taxonomy/Browser/wwwtax.cgi?id=91061"">c__Bacilli</a>; <a target=""_blank"" href=""https://www.ncbi.nlm.nih.gov/Taxonomy/Browser/wwwtax.cgi?id=186826"">o__Lactobacillales</a>; <a target=""_blank"" href=""https://www.ncbi.nlm.nih.gov/Taxonomy/Browser/wwwtax.cgi?id=33958"">f__Lactobacillaceae</a>; <a target=""_blank"" href=""https://www.ncbi.nlm.nih.gov/Taxonomy/Browser/wwwtax.cgi?id=1578"">g__Lactobacillus</a>; <a target=""_blank"" href=""https://www.ncbi.nlm.nih.gov/Taxonomy/Browser/wwwtax.cgi?id=1584"">s__Lactobacillus delbrueckii</a>","<a target=""_blank"" href=""https://www.ncbi.nlm.nih.gov/Taxonomy/Browser/wwwtax.cgi?id=2"">d__Bacteria</a>; <a target=""_blank"" href=""https://www.ncbi.nlm.nih.gov/Taxonomy/Browser/wwwtax.cgi?id=1783272"">x__Terrabacteria group</a>; <a target=""_blank"" href=""https://www.ncbi.nlm.nih.gov/Taxonomy/Browser/wwwtax.cgi?id=1239"">p__Firmicutes</a>; <a target=""_blank"" href=""https://www.ncbi.nlm.nih.gov/Taxonomy/Browser/wwwtax.cgi?id=91061"">c__Bacilli</a>; <a target=""_blank"" href=""https://www.ncbi.nlm.nih.gov/Taxonomy/Browser/wwwtax.cgi?id=186826"">o__Lactobacillales</a>; <a target=""_blank"" href=""https://www.ncbi.nlm.nih.gov/Taxonomy/Browser/wwwtax.cgi?id=33958"">f__Lactobacillaceae</a>; <a target=""_blank"" href=""https://www.ncbi.nlm.nih.gov/Taxonomy/Browser/wwwtax.cgi?id=1578"">g__Lactobacillus</a>; <a target=""_blank"" href=""https://www.ncbi.nlm.nih.gov/Taxonomy/Browser/wwwtax.cgi?id=1584"">s__Lactobacillus delbrueckii</a>; <a target=""_blank"" href=""https://www.ncbi.nlm.nih.gov/Taxonomy/Browser/wwwtax.cgi?id=1585"">sb__Lactobacillus delbrueckii subsp. bulgaricus</a>; <a target=""_blank"" href=""https://www.ncbi.nlm.nih.gov/Taxonomy/Browser/wwwtax.cgi?id=390333"">x__Lactobacillus delbrueckii subsp. bulgaricus ATCC 11842 = JCM 1002</a>","{'taxon': 'd__Bacteria', 'taxonId': '2'}","{'taxon': 'p__Firmicutes', 'taxonId': '1239'}","{'taxon': 'c__Bacilli', 'taxonId': '91061'}","{'taxon': 'o__Lactobacillales', 'taxonId': '186826'}","{'taxon': 'f__Lactobacillaceae', 'taxonId': '33958'}","{'taxon': 'g__Lactobacillus', 'taxonId': '1578'}","{'taxon': 's__Lactobacillus delbrueckii', 'taxonId': '1584'}","{'taxon': 'd__Bacteria', 'taxonId': '2'}","{'taxon': 'x__Terrabacteria group', 'taxonId': '1783272'}","{'taxon': 'p__Firmicutes', 'taxonId': '1239'}","{'taxon': 'c__Bacilli', 'taxonId': '91061'}","{'taxon': 'o__Lactobacillales', 'taxonId': '186826'}","{'taxon': 'f__Lactobacillaceae', 'taxonId': '33958'}","{'taxon': 'g__Lactobacillus', 'taxonId': '1578'}","{'taxon': 's__Lactobacillus delbrueckii', 'taxonId': '1584'}","{'taxon': 'sb__Lactobacillus delbrueckii subsp. bulgaricus', 'taxonId': '1585'}","{'taxon': 'x__Lactobacillus delbrueckii subsp. bulgaricus ATCC 11842 = JCM 1002', 'taxonId': '390333'}"
GCA_000182835.1,R207,d__Bacteria,p__Firmicutes,c__Bacilli,o__Lactobacillales,f__Lactobacillaceae,g__Lactobacillus,delbrueckii,s__Lactobacillus delbrueckii,GCA_000182835.1,GCF_000182835.1,20.0,2.0,2125753.0,2125753.0,2.0,2125753.0,2125753.0,2131976.0,49.543428256228026,0.0,99.03,0.0,0.0,9,9,9,2049,85.07450365294919,GCA_000182835.1,ND02,Complete Genome,ASM18283v1,na,PRJNA224116,SAMN02603937,,2010-11-19,,full,,,,2,2014,na,2010/11/19,0,1584,9,"The Key Laboratory of Dairy Biotechnology and Bioengineering, Education Ministry of P. R. China, Department of Food Science and Engineering, Inner Mongolia Agricultural University, China",767455,0,11,98,0,latest,,not type material,,not type material,not type material,,False,d__Bacteria;p__Firmicutes;c__Bacilli;o__Lactobacillales;f__Lactobacillaceae;g__Lactobacillus;s__Lactobacillus delbrueckii,d__Bacteria;x__Terrabacteria group;p__Firmicutes;c__Bacilli;o__Lactobacillales;f__Lactobacillaceae;g__Lactobacillus;s__Lactobacillus delbrueckii;sb__Lactobacillus delbrueckii subsp. bulgaricus;x__Lactobacillus delbrueckii subsp. bulgaricus ND02,False,RS_GCF_001433875.1,,d__Bacteria,p__Firmicutes,c__Bacilli,o__Lactobacillales,f__Lactobacillaceae,g__Lactobacillus,s__Lactobacillus delbrueckii,not type material,5S/16S/23S,GCA_001433875.1,103,https://lpsn.dsmz.de/species/lactobacillus-delbrueckii,"<a target=""_blank"" href=""https://www.ncbi.nlm.nih.gov/Taxonomy/Browser/wwwtax.cgi?id=2"">d__Bacteria</a>; <a target=""_blank"" href=""https://www.ncbi.nlm.nih.gov/Taxonomy/Browser/wwwtax.cgi?id=1239"">p__Firmicutes</a>; <a target=""_blank"" href=""https://www.ncbi.nlm.nih.gov/Taxonomy/Browser/wwwtax.cgi?id=91061"">c__Bacilli</a>; <a target=""_blank"" href=""https://www.ncbi.nlm.nih.gov/Taxonomy/Browser/wwwtax.cgi?id=186826"">o__Lactobacillales</a>; <a target=""_blank"" href=""https://www.ncbi.nlm.nih.gov/Taxonomy/Browser/wwwtax.cgi?id=33958"">f__Lactobacillaceae</a>; <a target=""_blank"" href=""https://www.ncbi.nlm.nih.gov/Taxonomy/Browser/wwwtax.cgi?id=1578"">g__Lactobacillus</a>; <a target=""_blank"" href=""https://www.ncbi.nlm.nih.gov/Taxonomy/Browser/wwwtax.cgi?id=1584"">s__Lactobacillus delbrueckii</a>","<a target=""_blank"" href=""https://www.ncbi.nlm.nih.gov/Taxonomy/Browser/wwwtax.cgi?id=2"">d__Bacteria</a>; <a target=""_blank"" href=""https://www.ncbi.nlm.nih.gov/Taxonomy/Browser/wwwtax.cgi?id=1783272"">x__Terrabacteria group</a>; <a target=""_blank"" href=""https://www.ncbi.nlm.nih.gov/Taxonomy/Browser/wwwtax.cgi?id=1239"">p__Firmicutes</a>; <a target=""_blank"" href=""https://www.ncbi.nlm.nih.gov/Taxonomy/Browser/wwwtax.cgi?id=91061"">c__Bacilli</a>; <a target=""_blank"" href=""https://www.ncbi.nlm.nih.gov/Taxonomy/Browser/wwwtax.cgi?id=186826"">o__Lactobacillales</a>; <a target=""_blank"" href=""https://www.ncbi.nlm.nih.gov/Taxonomy/Browser/wwwtax.cgi?id=33958"">f__Lactobacillaceae</a>; <a target=""_blank"" href=""https://www.ncbi.nlm.nih.gov/Taxonomy/Browser/wwwtax.cgi?id=1578"">g__Lactobacillus</a>; <a target=""_blank"" href=""https://www.ncbi.nlm.nih.gov/Taxonomy/Browser/wwwtax.cgi?id=1584"">s__Lactobacillus delbrueckii</a>; <a target=""_blank"" href=""https://www.ncbi.nlm.nih.gov/Taxonomy/Browser/wwwtax.cgi?id=1585"">sb__Lactobacillus delbrueckii subsp. bulgaricus</a>; <a target=""_blank"" href=""https://www.ncbi.nlm.nih.gov/Taxonomy/Browser/wwwtax.cgi?id=767455"">x__Lactobacillus delbrueckii subsp. bulgaricus ND02</a>","{'taxon': 'd__Bacteria', 'taxonId': '2'}","{'taxon': 'p__Firmicutes', 'taxonId': '1239'}","{'taxon': 'c__Bacilli', 'taxonId': '91061'}","{'taxon': 'o__Lactobacillales', 'taxonId': '186826'}","{'taxon': 'f__Lactobacillaceae', 'taxonId': '33958'}","{'taxon': 'g__Lactobacillus', 'taxonId': '1578'}","{'taxon': 's__Lactobacillus delbrueckii', 'taxonId': '1584'}","{'taxon': 'd__Bacteria', 'taxonId': '2'}","{'taxon': 'x__Terrabacteria group', 'taxonId': '1783272'}","{'taxon': 'p__Firmicutes', 'taxonId': '1239'}","{'taxon': 'c__Bacilli', 'taxonId': '91061'}","{'taxon': 'o__Lactobacillales', 'taxonId': '186826'}","{'taxon': 'f__Lactobacillaceae', 'taxonId': '33958'}","{'taxon': 'g__Lactobacillus', 'taxonId': '1578'}","{'taxon': 's__Lactobacillus delbrueckii', 'taxonId': '1584'}","{'taxon': 'sb__Lactobacillus delbrueckii subsp. bulgaricus', 'taxonId': '1585'}","{'taxon': 'x__Lactobacillus delbrueckii subsp. bulgaricus ND02', 'taxonId': '767455'}"
GCA_000191165.1,R207,d__Bacteria,p__Firmicutes,c__Bacilli,o__Lactobacillales,f__Lactobacillaceae,g__Lactobacillus,delbrueckii,s__Lactobacillus delbrueckii,GCA_000191165.1,GCF_000191165.1,20.0,1.0,1872918.0,1872918.0,1.0,1872918.0,1872918.0,1872918.0,49.680124810589675,0.0,99.03,0.65,33.33,9,9,9,1935,84.26556848724825,GCA_000191165.1,2038,Complete Genome,ASM19116v1,na,PRJNA224116,SAMN02603124,,2011-03-03,,full,,,,1,1838,na,2011/03/03,0,1584,9,Chinese National HGC,353496,0,11,89,0,latest,,not type material,,not type material,not type material,,False,d__Bacteria;p__Firmicutes;c__Bacilli;o__Lactobacillales;f__Lactobacillaceae;g__Lactobacillus;s__Lactobacillus delbrueckii,d__Bacteria;x__Terrabacteria group;p__Firmicutes;c__Bacilli;o__Lactobacillales;f__Lactobacillaceae;g__Lactobacillus;s__Lactobacillus delbrueckii;sb__Lactobacillus delbrueckii subsp. bulgaricus;x__Lactobacillus delbrueckii subsp. bulgaricus 2038,False,RS_GCF_001433875.1,,d__Bacteria,p__Firmicutes,c__Bacilli,o__Lactobacillales,f__Lactobacillaceae,g__Lactobacillus,s__Lactobacillus delbrueckii,not type material,5S/16S/23S,GCA_001433875.1,103,https://lpsn.dsmz.de/species/lactobacillus-delbrueckii,"<a target=""_blank"" href=""https://www.ncbi.nlm.nih.gov/Taxonomy/Browser/wwwtax.cgi?id=2"">d__Bacteria</a>; <a target=""_blank"" href=""https://www.ncbi.nlm.nih.gov/Taxonomy/Browser/wwwtax.cgi?id=1239"">p__Firmicutes</a>; <a target=""_blank"" href=""https://www.ncbi.nlm.nih.gov/Taxonomy/Browser/wwwtax.cgi?id=91061"">c__Bacilli</a>; <a target=""_blank"" href=""https://www.ncbi.nlm.nih.gov/Taxonomy/Browser/wwwtax.cgi?id=186826"">o__Lactobacillales</a>; <a target=""_blank"" href=""https://www.ncbi.nlm.nih.gov/Taxonomy/Browser/wwwtax.cgi?id=33958"">f__Lactobacillaceae</a>; <a target=""_blank"" href=""https://www.ncbi.nlm.nih.gov/Taxonomy/Browser/wwwtax.cgi?id=1578"">g__Lactobacillus</a>; <a target=""_blank"" href=""https://www.ncbi.nlm.nih.gov/Taxonomy/Browser/wwwtax.cgi?id=1584"">s__Lactobacillus delbrueckii</a>","<a target=""_blank"" href=""https://www.ncbi.nlm.nih.gov/Taxonomy/Browser/wwwtax.cgi?id=2"">d__Bacteria</a>; <a target=""_blank"" href=""https://www.ncbi.nlm.nih.gov/Taxonomy/Browser/wwwtax.cgi?id=1783272"">x__Terrabacteria group</a>; <a target=""_blank"" href=""https://www.ncbi.nlm.nih.gov/Taxonomy/Browser/wwwtax.cgi?id=1239"">p__Firmicutes</a>; <a target=""_blank"" href=""https://www.ncbi.nlm.nih.gov/Taxonomy/Browser/wwwtax.cgi?id=91061"">c__Bacilli</a>; <a target=""_blank"" href=""https://www.ncbi.nlm.nih.gov/Taxonomy/Browser/wwwtax.cgi?id=186826"">o__Lactobacillales</a>; <a target=""_blank"" href=""https://www.ncbi.nlm.nih.gov/Taxonomy/Browser/wwwtax.cgi?id=33958"">f__Lactobacillaceae</a>; <a target=""_blank"" href=""https://www.ncbi.nlm.nih.gov/Taxonomy/Browser/wwwtax.cgi?id=1578"">g__Lactobacillus</a>; <a target=""_blank"" href=""https://www.ncbi.nlm.nih.gov/Taxonomy/Browser/wwwtax.cgi?id=1584"">s__Lactobacillus delbrueckii</a>; <a target=""_blank"" href=""https://www.ncbi.nlm.nih.gov/Taxonomy/Browser/wwwtax.cgi?id=1585"">sb__Lactobacillus delbrueckii subsp. bulgaricus</a>; <a target=""_blank"" href=""https://www.ncbi.nlm.nih.gov/Taxonomy/Browser/wwwtax.cgi?id=353496"">x__Lactobacillus delbrueckii subsp. bulgaricus 2038</a>","{'taxon': 'd__Bacteria', 'taxonId': '2'}","{'taxon': 'p__Firmicutes', 'taxonId': '1239'}","{'taxon': 'c__Bacilli', 'taxonId': '91061'}","{'taxon': 'o__Lactobacillales', 'taxonId': '186826'}","{'taxon': 'f__Lactobacillaceae', 'taxonId': '33958'}","{'taxon': 'g__Lactobacillus', 'taxonId': '1578'}","{'taxon': 's__Lactobacillus delbrueckii', 'taxonId': '1584'}","{'taxon': 'd__Bacteria', 'taxonId': '2'}","{'taxon': 'x__Terrabacteria group', 'taxonId': '1783272'}","{'taxon': 'p__Firmicutes', 'taxonId': '1239'}","{'taxon': 'c__Bacilli', 'taxonId': '91061'}","{'taxon': 'o__Lactobacillales', 'taxonId': '186826'}","{'taxon': 'f__Lactobacillaceae', 'taxonId': '33958'}","{'taxon': 'g__Lactobacillus', 'taxonId': '1578'}","{'taxon': 's__Lactobacillus delbrueckii', 'taxonId': '1584'}","{'taxon': 'sb__Lactobacillus delbrueckii subsp. bulgaricus', 'taxonId': '1585'}","{'taxon': 'x__Lactobacillus delbrueckii subsp. bulgaricus 2038', 'taxonId': '353496'}"
GCA_000014405.1,R207,d__Bacteria,p__Firmicutes,c__Bacilli,o__Lactobacillales,f__Lactobacillaceae,g__Lactobacillus,delbrueckii,s__Lactobacillus delbrueckii,GCA_000014405.1,GCF_000014405.1,20.0,1.0,1856951.0,1856951.0,1.0,1856951.0,1856951.0,1856951.0,49.68634067350188,0.0,99.35,0.0,0.0,9,9,9,1920,83.8721646397778,GCA_000014405.1,ATCC BAA-365,Complete Genome,ASM1440v1,na,PRJNA224116,SAMN02598530,,2006-10-13,,full,,,,1,1839,na,2006/10/13,0,1584,9,"US DOE Joint Genome Institute (JGI), The Lactic Acid Bacteria Genome Consortium and Fidelity Systems Inc.",321956,0,11,98,0,latest,,not type material,,not type material,not type material,,False,d__Bacteria;p__Firmicutes;c__Bacilli;o__Lactobacillales;f__Lactobacillaceae;g__Lactobacillus;s__Lactobacillus delbrueckii,d__Bacteria;x__Terrabacteria group;p__Firmicutes;c__Bacilli;o__Lactobacillales;f__Lactobacillaceae;g__Lactobacillus;s__Lactobacillus delbrueckii;sb__Lactobacillus delbrueckii subsp. bulgaricus;x__Lactobacillus delbrueckii subsp. bulgaricus ATCC BAA-365,False,RS_GCF_001433875.1,,d__Bacteria,p__Firmicutes,c__Bacilli,o__Lactobacillales,f__Lactobacillaceae,g__Lactobacillus,s__Lactobacillus delbrueckii,not type material,5S/16S/23S,GCA_001433875.1,103,https://lpsn.dsmz.de/species/lactobacillus-delbrueckii,"<a target=""_blank"" href=""https://www.ncbi.nlm.nih.gov/Taxonomy/Browser/wwwtax.cgi?id=2"">d__Bacteria</a>; <a target=""_blank"" href=""https://www.ncbi.nlm.nih.gov/Taxonomy/Browser/wwwtax.cgi?id=1239"">p__Firmicutes</a>; <a target=""_blank"" href=""https://www.ncbi.nlm.nih.gov/Taxonomy/Browser/wwwtax.cgi?id=91061"">c__Bacilli</a>; <a target=""_blank"" href=""https://www.ncbi.nlm.nih.gov/Taxonomy/Browser/wwwtax.cgi?id=186826"">o__Lactobacillales</a>; <a target=""_blank"" href=""https://www.ncbi.nlm.nih.gov/Taxonomy/Browser/wwwtax.cgi?id=33958"">f__Lactobacillaceae</a>; <a target=""_blank"" href=""https://www.ncbi.nlm.nih.gov/Taxonomy/Browser/wwwtax.cgi?id=1578"">g__Lactobacillus</a>; <a target=""_blank"" href=""https://www.ncbi.nlm.nih.gov/Taxonomy/Browser/wwwtax.cgi?id=1584"">s__Lactobacillus delbrueckii</a>","<a target=""_blank"" href=""https://www.ncbi.nlm.nih.gov/Taxonomy/Browser/wwwtax.cgi?id=2"">d__Bacteria</a>; <a target=""_blank"" href=""https://www.ncbi.nlm.nih.gov/Taxonomy/Browser/wwwtax.cgi?id=1783272"">x__Terrabacteria group</a>; <a target=""_blank"" href=""https://www.ncbi.nlm.nih.gov/Taxonomy/Browser/wwwtax.cgi?id=1239"">p__Firmicutes</a>; <a target=""_blank"" href=""https://www.ncbi.nlm.nih.gov/Taxonomy/Browser/wwwtax.cgi?id=91061"">c__Bacilli</a>; <a target=""_blank"" href=""https://www.ncbi.nlm.nih.gov/Taxonomy/Browser/wwwtax.cgi?id=186826"">o__Lactobacillales</a>; <a target=""_blank"" href=""https://www.ncbi.nlm.nih.gov/Taxonomy/Browser/wwwtax.cgi?id=33958"">f__Lactobacillaceae</a>; <a target=""_blank"" href=""https://www.ncbi.nlm.nih.gov/Taxonomy/Browser/wwwtax.cgi?id=1578"">g__Lactobacillus</a>; <a target=""_blank"" href=""https://www.ncbi.nlm.nih.gov/Taxonomy/Browser/wwwtax.cgi?id=1584"">s__Lactobacillus delbrueckii</a>; <a target=""_blank"" href=""https://www.ncbi.nlm.nih.gov/Taxonomy/Browser/wwwtax.cgi?id=1585"">sb__Lactobacillus delbrueckii subsp. bulgaricus</a>; <a target=""_blank"" href=""https://www.ncbi.nlm.nih.gov/Taxonomy/Browser/wwwtax.cgi?id=321956"">x__Lactobacillus delbrueckii subsp. bulgaricus ATCC BAA-365</a>","{'taxon': 'd__Bacteria', 'taxonId': '2'}","{'taxon': 'p__Firmicutes', 'taxonId': '1239'}","{'taxon': 'c__Bacilli', 'taxonId': '91061'}","{'taxon': 'o__Lactobacillales', 'taxonId': '186826'}","{'taxon': 'f__Lactobacillaceae', 'taxonId': '33958'}","{'taxon': 'g__Lactobacillus', 'taxonId': '1578'}","{'taxon': 's__Lactobacillus delbrueckii', 'taxonId': '1584'}","{'taxon': 'd__Bacteria', 'taxonId': '2'}","{'taxon': 'x__Terrabacteria group', 'taxonId': '1783272'}","{'taxon': 'p__Firmicutes', 'taxonId': '1239'}","{'taxon': 'c__Bacilli', 'taxonId': '91061'}","{'taxon': 'o__Lactobacillales', 'taxonId': '186826'}","{'taxon': 'f__Lactobacillaceae', 'taxonId': '33958'}","{'taxon': 'g__Lactobacillus', 'taxonId': '1578'}","{'taxon': 's__Lactobacillus delbrueckii', 'taxonId': '1584'}","{'taxon': 'sb__Lactobacillus delbrueckii subsp. bulgaricus', 'taxonId': '1585'}","{'taxon': 'x__Lactobacillus delbrueckii subsp. bulgaricus ATCC BAA-365', 'taxonId': '321956'}"
