{
  "CR954253.1.region001": {
    "genome_id": "GCA_000056065.1",
    "region": "1.1",
    "accession": "CR954253.1",
    "start_pos": "17407",
    "end_pos": "39909",
    "contig_edge": "False",
    "product": [
      "lanthipeptide-class-iii"
    ],
    "region_length": 22502,
    "most_similar_known_cluster_id": null,
    "most_similar_known_cluster_description": null,
    "most_similar_known_cluster_type": null,
    "similarity": null
  },
  "CR954253.1.region002": {
    "genome_id": "GCA_000056065.1",
    "region": "1.2",
    "accession": "CR954253.1",
    "start_pos": "125153",
    "end_pos": "136119",
    "contig_edge": "False",
    "product": [
      "RiPP-like"
    ],
    "region_length": 10966,
    "most_similar_known_cluster_id": null,
    "most_similar_known_cluster_description": null,
    "most_similar_known_cluster_type": null,
    "similarity": null
  },
  "CR954253.1.region003": {
    "genome_id": "GCA_000056065.1",
    "region": "1.3",
    "accession": "CR954253.1",
    "start_pos": "1745672",
    "end_pos": "1767868",
    "contig_edge": "False",
    "product": [
      "lanthipeptide-class-iv"
    ],
    "region_length": 22196,
    "most_similar_known_cluster_id": null,
    "most_similar_known_cluster_description": null,
    "most_similar_known_cluster_type": null,
    "similarity": null
  }
}