{
  "GCA_000056065.1__arts_dup__TIGR00762": {
    "#Core_gene": "TIGR00762",
    "Count": 5.0,
    "Ref_median": 1.0,
    "Ref_stdev": 0.8019,
    "Ref_RSD": 0.6842,
    "Ref_ubiquity": 0.7842,
    "[Hits_listed]": "[Lactobacillus delbrueckii strain ATCC 11842|-|DegV domain-containing protein|loc|62450 63248 1 # ID=1_64|Type=CDS|transl_table=11; Lactobacillus delbrueckii strain ATCC 11842|-|DegV domain-containing protein|loc|890483 890978 1 # ID=1_923|Type=CDS|transl_table=11; Lactobacillus delbrueckii strain ATCC 11842|degV|Protein DegV|loc|890974 891364 1 # ID=1_924|Type=CDS|transl_table=11; Lactobacillus delbrueckii strain ATCC 11842|-|DegV domain-containing protein|loc|1082752 1083598 -1 # ID=1_1121|Type=CDS|transl_table=11; Lactobacillus delbrueckii strain ATCC 11842|-|DegV domain-containing protein|loc|1094868 1095705 -1 # ID=1_1134|Type=CDS|transl_table=11]",
    "Description": "DegV: EDD domain protein, DegV family",
    "genome_id": "GCA_000056065.1"
  },
  "GCA_000056065.1__arts_dup__TIGR00180": {
    "#Core_gene": "TIGR00180",
    "Count": 2.0,
    "Ref_median": 1.0,
    "Ref_stdev": 0.4697,
    "Ref_RSD": 0.8579,
    "Ref_ubiquity": 1.0,
    "[Hits_listed]": "[Lactobacillus delbrueckii strain ATCC 11842|spo0J|Stage 0 sporulation protein J|loc|1720149 1721040 -1 # ID=1_1793|Type=CDS|transl_table=11; Lactobacillus delbrueckii strain ATCC 11842|noc|Nucleoid occlusion protein|loc|1721798 1722623 -1 # ID=1_1795|Type=CDS|transl_table=11]",
    "Description": "parB_part: ParB/RepB/Spo0J family partition protein",
    "genome_id": "GCA_000056065.1"
  },
  "GCA_000056065.1__arts_dup__TIGR00038": {
    "#Core_gene": "TIGR00038",
    "Count": 2.0,
    "Ref_median": 1.0,
    "Ref_stdev": 0.0,
    "Ref_RSD": 1.0,
    "Ref_ubiquity": 1.0,
    "[Hits_listed]": "[Lactobacillus delbrueckii strain ATCC 11842|efp_1|Elongation factor P|loc|1227239 1227809 -1 # ID=1_1261|Type=CDS|transl_table=11; Lactobacillus delbrueckii strain ATCC 11842|efp_2|Elongation factor P|loc|1607624 1608182 -1 # ID=1_1668|Type=CDS|transl_table=11]",
    "Description": "efp: translation elongation factor P",
    "genome_id": "GCA_000056065.1"
  },
  "GCA_000056065.1__arts_dup__TIGR01023": {
    "#Core_gene": "TIGR01023",
    "Count": 2.0,
    "Ref_median": 1.0,
    "Ref_stdev": 0.6482,
    "Ref_RSD": 0.5737,
    "Ref_ubiquity": 0.9895,
    "[Hits_listed]": "[Lactobacillus delbrueckii strain ATCC 11842|rpmGA|50S ribosomal protein L33 1|loc|1274992 1275142 -1 # ID=1_1310|Type=CDS|transl_table=11; Lactobacillus delbrueckii strain ATCC 11842|rpmG3|50S ribosomal protein L33 3|loc|1429743 1429893 -1 # ID=1_1476|Type=CDS|transl_table=11]",
    "Description": "rpmG_bact: ribosomal protein bL33",
    "genome_id": "GCA_000056065.1"
  }
}